// Vitest Snapshot v1, https://vitest.dev/guide/snapshot.html

exports[`output access > output access 1`] = `
{
  "builds": {
    "E7mEbJDyJYNnL12r6rXHGntNT88=": {
      "ctx": {
        "$ref": "U1wwAaqukwfarhkuFGe2QSaTdXY=",
        "kind": "context",
      },
      "spec": {
        "inp": {
          "stdout": [
            {
              "$ref": "PBvb+MCRjjeswmsbZ5EhBKW9W/E=",
              "kind": "build",
              "phase": "out",
            },
            {
              "kind": "output",
              "name": "out",
            },
            {
              "kind": "output",
              "name": "stderr",
            },
          ],
        },
        "key": [],
      },
      "target": {
        "$ref": "eGrUYcGs068WGxHsW2C2sjA9gzg=",
        "kind": "target",
      },
    },
    "PBvb+MCRjjeswmsbZ5EhBKW9W/E=": {
      "ctx": {
        "$ref": "U1wwAaqukwfarhkuFGe2QSaTdXY=",
        "kind": "context",
      },
      "spec": {
        "inp": {
          "files": [
            {
              "kind": "fileset",
              "path": [
                "src/**/*",
              ],
            },
          ],
        },
        "key": [],
        "out": {
          "folder": [
            {
              "kind": "folder",
              "path": undefined,
            },
          ],
          "out": {
            "args": [
              "my command --in=",
              [
                {
                  "kind": "output",
                  "name": "inp",
                },
                {
                  "kind": "output",
                  "name": "files",
                },
                {
                  "kind": "output",
                  "name": "root",
                },
              ],
              " --out=",
              [
                {
                  "kind": "output",
                  "name": "out",
                },
                {
                  "kind": "output",
                  "name": "folder",
                },
                {
                  "kind": "output",
                  "name": "root",
                },
              ],
            ],
            "kind": "command",
            "shell": true,
          },
        },
      },
      "target": {
        "$ref": "8AKUcc6NzFiodYWBfzR2TFnXVak=",
        "kind": "target",
      },
    },
  },
  "contexts": {
    "U1wwAaqukwfarhkuFGe2QSaTdXY=": {
      "flags": {},
      "parent": undefined,
    },
  },
  "flags": {},
  "root": {
    "$ref": "E7mEbJDyJYNnL12r6rXHGntNT88=",
    "kind": "build",
    "phase": "out",
  },
  "targets": {
    "8AKUcc6NzFiodYWBfzR2TFnXVak=": {
      "default": false,
      "name": "a",
      "package": "cmd.test.ts",
    },
    "eGrUYcGs068WGxHsW2C2sjA9gzg=": {
      "default": false,
      "name": "b",
      "package": "cmd.test.ts",
    },
  },
}
`;
