// Vitest Snapshot v1, https://vitest.dev/guide/snapshot.html

exports[`output access > output access 1`] = `
{
  "builds": {
    "PmJcMLjf5REWgT9jnz7UI1g36qQ=": {
      "ctx": {
        "$ref": "U1wwAaqukwfarhkuFGe2QSaTdXY=",
        "kind": "context",
      },
      "spec": {
        "inout": {},
        "inp": {
          "a": [
            {
              "$ref": "vBUu58+BoIrLfI/OHveJ1ipOU6A=",
              "kind": "build",
              "phase": "out",
            },
            {
              "kind": "output",
              "name": "data",
            },
            {
              "kind": "output",
              "name": "a",
            },
            {
              "kind": "output",
              "name": "b",
            },
            {
              "kind": "output",
              "name": "c",
            },
          ],
          "b": {
            "$ref": "vBUu58+BoIrLfI/OHveJ1ipOU6A=",
            "kind": "build",
            "phase": "out",
          },
        },
        "key": [],
        "out": {
          "data": [
            {
              "kind": "data",
              "schema": {
                "$schema": "http://json-schema.org/draft-07/schema#",
                "additionalProperties": false,
                "properties": {
                  "a": {
                    "additionalProperties": false,
                    "properties": {
                      "b": {
                        "additionalProperties": false,
                        "properties": {
                          "c": {
                            "type": "string",
                          },
                        },
                        "required": [
                          "c",
                        ],
                        "type": "object",
                      },
                    },
                    "required": [
                      "b",
                    ],
                    "type": "object",
                  },
                },
                "required": [
                  "a",
                ],
                "type": "object",
              },
            },
          ],
        },
        "ready": {},
      },
      "target": {
        "$ref": "OrCBKiL8SY5rt1caFpNyl7zMsv0=",
        "kind": "target",
      },
    },
    "vBUu58+BoIrLfI/OHveJ1ipOU6A=": {
      "ctx": {
        "$ref": "U1wwAaqukwfarhkuFGe2QSaTdXY=",
        "kind": "context",
      },
      "spec": {
        "inout": {},
        "inp": {
          "files": [
            {
              "kind": "fileset",
              "path": [
                "src/**/*",
              ],
            },
          ],
          "flag": "wasm",
        },
        "key": [],
        "out": {
          "data": [
            {
              "kind": "data",
              "schema": {
                "$schema": "http://json-schema.org/draft-07/schema#",
                "additionalProperties": false,
                "properties": {
                  "a": {
                    "additionalProperties": false,
                    "properties": {
                      "b": {
                        "additionalProperties": false,
                        "properties": {
                          "c": {
                            "type": "string",
                          },
                        },
                        "required": [
                          "c",
                        ],
                        "type": "object",
                      },
                    },
                    "required": [
                      "b",
                    ],
                    "type": "object",
                  },
                },
                "required": [
                  "a",
                ],
                "type": "object",
              },
            },
          ],
          "files": [
            {
              "kind": "fileset",
              "path": [
                "src/**/*",
              ],
            },
          ],
        },
        "ready": {},
      },
      "target": {
        "$ref": "bQW85nYO3uECl4kgumgyqIe7vjk=",
        "kind": "target",
      },
    },
  },
  "contexts": {
    "U1wwAaqukwfarhkuFGe2QSaTdXY=": {
      "flags": {
        "bF5lE3uv8o4RRTm9UpdasjMOk9o=": "wasm",
      },
      "parent": undefined,
    },
  },
  "flags": {
    "bF5lE3uv8o4RRTm9UpdasjMOk9o=": {
      "key": "flag",
      "package": "schema.test.ts",
      "ty": {
        "allowed": [
          "wasm",
        ],
        "kind": "option",
      },
    },
  },
  "root": {
    "$ref": "PmJcMLjf5REWgT9jnz7UI1g36qQ=",
    "kind": "build",
    "phase": "out",
  },
  "targets": {
    "OrCBKiL8SY5rt1caFpNyl7zMsv0=": {
      "default": false,
      "name": "b",
      "package": "schema.test.ts",
    },
    "bQW85nYO3uECl4kgumgyqIe7vjk=": {
      "default": false,
      "name": "a",
      "package": "schema.test.ts",
    },
  },
}
`;
